// Jest Snapshot v1, https://goo.gl/fbAQLP

exports[`<ProductsListField /> should render correctly when a valid product list is passed 1`] = `
<div
  className="dte-wismo-base-field-section"
>
  <label
    className="dte-wismo-base-field-label"
  >
    Products
  </label>
  <div>
    <span
      className="dte-wismo-base-field-children"
    >
      Interuptable Air Conditioning
      , 
      Residential Gas Heating
    </span>
  </div>
</div>
`;
